Microchip MPLAB XC8 Compiler V2.50

Linker command line:

-W-3 \
  --edf=C:\Program Files\Microchip\xc8\v2.50\pic\dat\20240725155939_en.msgs \
  -cn -h+dist/default/production\poojashree_server.X.production.sym \
  --cmf=dist/default/production\poojashree_server.X.production.cmf -z \
  -Q18F4580 -oC:\Users\MOHAMM~1\AppData\Local\Temp\xcAshpk.\driver_tmp_3.o \
  --defsym=__MPLAB_BUILD=1 --fixupoverflow=error \
  -Mdist/default/production/poojashree_server.X.production.map \
  --md=C:\Users\MOHAMM~1\AppData\Local\Temp\xcAshpk.\driver_tmp_0.dat -E1 \
  -ver=XC8 Compiler --acfsm=1493 -ACODE=00h-07FFFh -ACONST=00h-07FFFh \
  -ASMALLCONST=0600h-06FFhx122 -AMEDIUMCONST=0600h-07FFFh -ACOMRAM=01h-05Fh \
  -AABS1=00h-05FFh -ABIGRAM=01h-05FFh -ARAM=060h-0FFh,0100h-01FFhx5 \
  -ABANK0=060h-0FFh -ABANK1=0100h-01FFh -ABANK2=0200h-02FFh \
  -ABANK3=0300h-03FFh -ABANK4=0400h-04FFh -ABANK5=0500h-05FFh \
  -ASFR=0D00h-0DFFhx2,0F00h-0F5Fh,0F60h-0FFFh -ABIGSFR=0D00h-0FFFh \
  -ACONFIG=0300000h-030000Dh -AIDLOC=0200000h-0200007h \
  -AEEDATA=0F00000h-0F000FFh -peeprom_data=EEDATA \
  -preset_vec=00h,intcode=8h,intcodelo,powerup,init -pramtop=0600h \
  -psmallconst=SMALLCONST -pmediumconst=MEDIUMCONST -pconst=CONST \
  -AFARRAM=00h-00h \
  -prdata=COMRAM,nvrram=COMRAM,nvbit=COMRAM,rbss=COMRAM,rbit=COMRAM \
  -pfarbss=FARRAM,fardata=FARRAM,nvFARRAM=FARRAM \
  -pintsave_regs=BIGRAM,bigbss=BIGRAM,bigdata=BIGRAM -pbss=RAM \
  -pidata=CODE,irdata=CODE,ibigdata=CODE,ifardata=CODE -prparam=COMRAM \
  C:\Users\MOHAMM~1\AppData\Local\Temp\xcAshpk.\driver_tmp_9.o \
  dist/default/production\poojashree_server.X.production.o 

Object code version is 3.11

Machine type is 18F4580



                Name                               Link     Load   Length Selector   Space Scale
C:\Users\MOHAMM~1\AppData\Local\Temp\xcAshpk.\driver_tmp_9.o
                idloc                            200000   200000        8        0       5
                config                           300000   300000        E        0       4
                init                                  E        E        4        4       0
                reset_vec                             0        0        4        0       0
dist/default/production\poojashree_server.X.production.o
                intcode                               8        8        6        4       0
                idloc                            200000   200000        8        0       5
                config                           300000   300000        E        0       4
                temp                                 57       57        1        1       1
                smallconst                          600      600       6C      300       0
                intcode_body                        D54      D54       2A      336       0
                text9                               C5A      C5A       50      336       0
                text8                               CF2      CF2       36      336       0
                text7                               CAA      CAA       48      336       0
                text6                               DE2      DE2       12      6D3       0
                text5                               DF4      DF4        E      6D3       0
                text4                               DA6      DA6       16      6D3       0
                text3                               D28      D28       2C      336       0
                text2                               DD0      DD0       12      6D3       0
                text1                               BFC      BFC       5E      336       0
                text0                               66C      66C      526      336       0
                cstackCOMRAM                         28       28       19        1       1
                dataBANK0                            74       74       14       60       1
                bssBANK0                             60       60       14       60       1
                dataCOMRAM                            1        1       27        1       1
                bssCOMRAM                            41       41       16        1       1
                cinit                               B92      B92       6A      336       0
                idataBANK0                          DBC      DBC       14      6D3       0
                idataCOMRAM                         D7E      D7E       27      336       0

TOTAL           Name                               Link     Load   Length     Space
        CLASS   CODE           
                intcode                               8        8        6         0
                init                                  E        E        4         0
                reset_vec                             0        0        4         0
                intcode_body                        D54      D54       2A         0
                text9                               C5A      C5A       50         0
                text8                               CF2      CF2       36         0
                text7                               CAA      CAA       48         0
                text6                               DE2      DE2       12         0
                text5                               DF4      DF4        E         0
                text4                               DA6      DA6       16         0
                text3                               D28      D28       2C         0
                text2                               DD0      DD0       12         0
                text1                               BFC      BFC       5E         0
                text0                               66C      66C      526         0
                cinit                               B92      B92       6A         0
                idataBANK0                          DBC      DBC       14         0
                idataCOMRAM                         D7E      D7E       27         0

        CLASS   CONST          

        CLASS   SMALLCONST     
                smallconst                          600      600       6C         0

        CLASS   MEDIUMCONST    

        CLASS   COMRAM         
                temp                                 57       57        1         1
                cstackCOMRAM                         28       28       19         1
                dataCOMRAM                            1        1       27         1
                bssCOMRAM                            41       41       16         1

        CLASS   ABS1           

        CLASS   BIGRAM         

        CLASS   RAM            

        CLASS   BANK0          
                dataBANK0                            74       74       14         1
                bssBANK0                             60       60       14         1

        CLASS   BANK1          

        CLASS   BANK2          

        CLASS   BANK3          

        CLASS   BANK4          

        CLASS   BANK5          

        CLASS   SFR            

        CLASS   BIGSFR         

        CLASS   CONFIG         
                config                           300000   300000        E         4

        CLASS   IDLOC          
                idloc                            200000   200000        8         5

        CLASS   EEDATA         

        CLASS   FARRAM         

        CLASS   HEAP           

        CLASS   STACK          



SEGMENTS        Name                           Load    Length   Top    Selector   Space  Class

                reset_vec                      000000  000004  000004         0       0  CODE    
                dataCOMRAM                     000001  000057  000058         1       1  COMRAM  
                intcode                        000008  00000A  000012         4       0  CODE    
                bssBANK0                       000060  000028  000088        60       1  BANK0   
                smallconst                     000600  00006C  00066C       300       0  SMALLCON
                text0                          00066C  000739  000DA5       336       0  CODE    
                text4                          000DA6  00005C  000E02       6D3       0  CODE    


UNUSED ADDRESS RANGES

        Name                Unused          Largest block    Delta
        BANK0            000088-0000FF               78
        BANK1            000100-0001FF              100
        BANK2            000200-0002FF              100
        BANK3            000300-0003FF              100
        BANK4            000400-0004FF              100
        BANK5            000500-0005FF              100
        BIGRAM           000058-00005F                8
                         000088-0005FF              578
        BIGSFR           000D00-000FFF              300
        CODE             000004-000007                4
                         000012-0005FF              5EE
                         000DA5-000DA5                1
                         000E02-007FFF             71FE
        COMRAM           000058-00005F                8
        CONST            000004-000007                4
                         000012-0005FF              5EE
                         000DA5-000DA5                1
                         000E02-007FFF             71FE
        EEDATA           F00000-F000FF              100
        MEDIUMCONST      000DA5-000DA5                1
                         000E02-007FFF             71FE
        RAM              000088-0005FF              100
        SFR              000D00-000FFF              100
        SMALLCONST       000DA5-000DA5                1
                         000E02-007FFF              100

                                  Symbol Table

?_strcmp                      cstackCOMRAM 000028
_BRGCON1                      (abs)        000F70
_BRGCON2                      (abs)        000F71
_BRGCON3                      (abs)        000F72
_BRGH                         (abs)        007D62
_CANCON                       (abs)        000F6F
_CANSTAT                      (abs)        000F6E
_CREN                         (abs)        007D5C
_ECANCON                      (abs)        000F77
_EEADR                        (abs)        000FA9
_EECON1bits                   (abs)        000FA6
_EECON2                       (abs)        000FA7
_EEDATA                       (abs)        000FA8
_GIE                          (abs)        007F97
_OERR                         (abs)        007D59
_PEIE                         (abs)        007F96
_PIR2bits                     (abs)        000FA1
_PORTA                        (abs)        000F80
_PORTC                        (abs)        000F82
_PORTD                        (abs)        000F83
_RCIE                         (abs)        007CED
_RCIF                         (abs)        007CF5
_RCREG                        (abs)        000FAE
_RXB0CON                      (abs)        000F60
_RXB0D0                       (abs)        000F66
_RXB0D1                       (abs)        000F67
_RXB0D2                       (abs)        000F68
_RXB0D3                       (abs)        000F69
_RXB0D4                       (abs)        000F6A
_RXB0D5                       (abs)        000F6B
_RXB0D6                       (abs)        000F6C
_RXB0D7                       (abs)        000F6D
_RXB0DLC                      (abs)        000F65
_RXB0EIDH                     (abs)        000F63
_RXB0EIDL                     (abs)        000F64
_RXB0FUL                      (abs)        007B07
_RXB0IF                       (abs)        007D20
_RXB0SIDH                     (abs)        000F61
_RXB0SIDL                     (abs)        000F62
_RXF0EIDH                     (abs)        000F02
_RXF0EIDL                     (abs)        000F03
_RXF0SIDH                     (abs)        000F00
_RXF0SIDL                     (abs)        000F01
_RXFCON0                      (abs)        000DD4
_SPBRG                        (abs)        000FAF
_SPEN                         (abs)        007D5F
_TRISA                        (abs)        000F92
_TRISB2                       (abs)        007C9A
_TRISB3                       (abs)        007C9B
_TRISC                        (abs)        000F94
_TRISC6                       (abs)        007CA6
_TRISC7                       (abs)        007CA7
_TRISD                        (abs)        000F95
_TXB0D0                       (abs)        000F46
_TXB0D1                       (abs)        000F47
_TXB0D2                       (abs)        000F48
_TXB0D3                       (abs)        000F49
_TXB0D4                       (abs)        000F4A
_TXB0D5                       (abs)        000F4B
_TXB0D6                       (abs)        000F4C
_TXB0D7                       (abs)        000F4D
_TXB0DLC                      (abs)        000F45
_TXB0EIDH                     (abs)        000F43
_TXB0EIDL                     (abs)        000F44
_TXB0REQ                      (abs)        007A03
_TXB0SIDH                     (abs)        000F41
_TXB0SIDL                     (abs)        000F42
_TXIF                         (abs)        007CF4
_TXREG                        (abs)        000FAD
__HRAM                        (abs)        000000
__H__absolute__               __absolute__ 000000
__Habs1                       abs1         000000
__Hbank0                      bank0        000000
__Hbank1                      bank1        000000
__Hbank2                      bank2        000000
__Hbank3                      bank3        000000
__Hbank4                      bank4        000000
__Hbank5                      bank5        000000
__Hbigbss                     bigbss       000000
__Hbigdata                    bigdata      000000
__Hbigram                     bigram       000000
__Hbigsfr                     bigsfr       000000
__Hbss                        bss          000000
__HbssBANK0                   bssBANK0     000000
__HbssCOMRAM                  bssCOMRAM    000000
__Hcinit                      cinit        000000
__Hclrtext                    clrtext      000000
__Hcomram                     comram       000000
__Hconfig                     config       30000E
__Hconst                      const        000000
__HcstackCOMRAM               cstackCOMRAM 000000
__Hdata                       data         000000
__HdataBANK0                  dataBANK0    000000
__HdataCOMRAM                 dataCOMRAM   000000
__Heeprom_data                eeprom_data  000000
__Hfarbss                     farbss       000000
__Hfardata                    fardata      000000
__Hheap                       heap         000000
__Hibigdata                   ibigdata     000000
__Hidata                      idata        000000
__HidataBANK0                 idataBANK0   000000
__HidataCOMRAM                idataCOMRAM  000000
__Hidloc                      idloc        200008
__Hifardata                   ifardata     000000
__Hinit                       init         000012
__Hintcode                    intcode      00000E
__Hintcode_body               intcode_body 000000
__Hintcodelo                  intcodelo    00000E
__Hintentry                   intentry     000000
__Hintret                     intret       000000
__Hintsave_regs               intsave_regs 000000
__Hirdata                     irdata       000000
__Hmediumconst                mediumconst  000000
__HnvFARRAM                   nvFARRAM     000000
__Hnvbit                      nvbit        000000
__Hnvrram                     nvrram       000000
__Hparam                      rparam       000000
__Hpowerup                    powerup      00000E
__Hram                        ram          000000
__Hramtop                     ramtop       000600
__Hrbit                       rbit         000000
__Hrbss                       rbss         000000
__Hrdata                      rdata        000000
__Hreset_vec                  reset_vec    000004
__Hrparam                     rparam       000000
__Hsfr                        sfr          000000
__Hsivt_hi                    sivt_hi      000000
__Hsivt_lo                    sivt_lo      000000
__Hsmallconst                 smallconst   00066C
__Hspace_0                    (abs)        000E02
__Hspace_1                    (abs)        000088
__Hspace_2                    (abs)        000000
__Hspace_4                    (abs)        60000E
__Hstack                      stack        000000
__Hstruct                     struct       000000
__Htemp                       temp         000058
__Htext                       text         000000
__Htext0                      text0        000000
__Htext1                      text1        000000
__Htext2                      text2        000000
__Htext3                      text3        000000
__Htext4                      text4        000000
__Htext5                      text5        000000
__Htext6                      text6        000000
__Htext7                      text7        000000
__Htext8                      text8        000000
__Htext9                      text9        000000
__LRAM                        (abs)        000001
__L__absolute__               __absolute__ 000000
__Labs1                       abs1         000000
__Lbank0                      bank0        000000
__Lbank1                      bank1        000000
__Lbank2                      bank2        000000
__Lbank3                      bank3        000000
__Lbank4                      bank4        000000
__Lbank5                      bank5        000000
__Lbigbss                     bigbss       000000
__Lbigdata                    bigdata      000000
__Lbigram                     bigram       000000
__Lbigsfr                     bigsfr       000000
__Lbss                        bss          000000
__LbssBANK0                   bssBANK0     000000
__LbssCOMRAM                  bssCOMRAM    000000
__Lcinit                      cinit        000000
__Lclrtext                    clrtext      000000
__Lcomram                     comram       000000
__Lconfig                     config       000000
__Lconst                      const        000000
__LcstackCOMRAM               cstackCOMRAM 000000
__Ldata                       data         000000
__LdataBANK0                  dataBANK0    000000
__LdataCOMRAM                 dataCOMRAM   000000
__Leeprom_data                eeprom_data  000000
__Lfarbss                     farbss       000000
__Lfardata                    fardata      000000
__Lheap                       heap         000000
__Libigdata                   ibigdata     000000
__Lidata                      idata        000000
__LidataBANK0                 idataBANK0   000000
__LidataCOMRAM                idataCOMRAM  000000
__Lidloc                      idloc        000000
__Lifardata                   ifardata     000000
__Linit                       init         00000E
__Lintcode                    intcode      000008
__Lintcode_body               intcode_body 000000
__Lintcodelo                  intcodelo    00000E
__Lintentry                   intentry     000000
__Lintret                     intret       000000
__Lintsave_regs               intsave_regs 000000
__Lirdata                     irdata       000000
__Lmediumconst                mediumconst  000000
__LnvFARRAM                   nvFARRAM     000000
__Lnvbit                      nvbit        000000
__Lnvrram                     nvrram       000000
__Lparam                      rparam       000000
__Lpowerup                    powerup      00000E
__Lram                        ram          000000
__Lramtop                     ramtop       000600
__Lrbit                       rbit         000000
__Lrbss                       rbss         000000
__Lrdata                      rdata        000000
__Lreset_vec                  reset_vec    000000
__Lrparam                     rparam       000000
__Lsfr                        sfr          000000
__Lsivt_hi                    sivt_hi      000000
__Lsivt_lo                    sivt_lo      000000
__Lsmallconst                 smallconst   000600
__Lspace_0                    (abs)        000000
__Lspace_1                    (abs)        000000
__Lspace_2                    (abs)        000000
__Lspace_4                    (abs)        000000
__Lstack                      stack        000000
__Lstruct                     struct       000000
__Ltemp                       temp         000057
__Ltext                       text         000000
__Ltext0                      text0        000000
__Ltext1                      text1        000000
__Ltext2                      text2        000000
__Ltext3                      text3        000000
__Ltext4                      text4        000000
__Ltext5                      text5        000000
__Ltext6                      text6        000000
__Ltext7                      text7        000000
__Ltext8                      text8        000000
__Ltext9                      text9        000000
__S0                          (abs)        000E02
__S1                          (abs)        000088
__S4                          (abs)        000000
__S5                          (abs)        000000
___heap_hi                    (abs)        000000
___heap_lo                    (abs)        000000
___inthi_sp                   stack        000000
___inthi_stack_hi             stack        000000
___inthi_stack_lo             stack        000000
___intlo_sp                   stack        000000
___intlo_stack_hi             stack        000000
___intlo_stack_lo             stack        000000
___param_bank                 (abs)        000000
___rparam_used                (abs)        000001
___sp                         stack        000000
___stack_hi                   stack        000000
___stack_lo                   stack        000000
__accesstop                   (abs)        000060
__activetblptr                (abs)        000001
__end_of__initialization      cinit        000BEA
__end_of_can_receive          text9        000CAA
__end_of_can_transmit         text8        000D28
__end_of_init_can             text7        000CF2
__end_of_init_config          text5        000E02
__end_of_init_uart            text6        000DF4
__end_of_isr                  intcode_body 000D7E
__end_of_main                 text0        000B92
__end_of_putch                text4        000DBC
__end_of_puts                 text3        000D54
__end_of_read_internal_eeprom text2        000DE2
__end_of_strcmp               text1        000C5A
__initialization              cinit        000B92
__mediumconst                 mediumconst  000000
__pbssBANK0                   bssBANK0     000060
__pbssCOMRAM                  bssCOMRAM    000041
__pcinit                      cinit        000B92
__pcstackCOMRAM               cstackCOMRAM 000028
__pdataBANK0                  dataBANK0    000074
__pdataCOMRAM                 dataCOMRAM   000001
__pidataBANK0                 idataBANK0   000DBC
__pidataCOMRAM                idataCOMRAM  000D7E
__pintcode                    intcode      000008
__pintcode_body               intcode_body 000D54
__psmallconst                 smallconst   000600
__ptext0                      text0        00066C
__ptext1                      text1        000BFC
__ptext2                      text2        000DD0
__ptext3                      text3        000D28
__ptext4                      text4        000DA6
__ptext5                      text5        000DF4
__ptext6                      text6        000DE2
__ptext7                      text7        000CAA
__ptext8                      text8        000CF2
__ptext9                      text9        000C5A
__ramtop                      ramtop       000600
__smallconst                  smallconst   000600
_can_payload                  bssCOMRAM    000041
_can_receive                  text9        000C5A
_can_transmit                 text8        000CF2
_ch                           bssCOMRAM    000056
_change_up_pd                 dataCOMRAM   000021
_count                        bssCOMRAM    00004E
_data1                        dataCOMRAM   000010
_data1_index                  bssCOMRAM    000052
_data2                        dataCOMRAM   000001
_data2_index                  bssCOMRAM    000050
_flag                         dataCOMRAM   000023
_init_can                     text7        000CAA
_init_config                  text5        000DF4
_init_uart                    text6        000DE2
_inwhile                      dataCOMRAM   000025
_isr                          intcode      000008
_main                         text0        00066C
_max                          dataCOMRAM   00001F
_pd_id                        dataBANK0    000074
_product_id                   bssBANK0     000060
_putch                        text4        000DA6
_puts                         text3        000D28
_read_internal_eeprom         text2        000DD0
_recive_flag                  bssCOMRAM    000054
_strcmp                       text1        000BFC
_up_stk                       dataBANK0    00007E
_update_stock                 bssBANK0     00006A
btemp                         temp         000057
end_of_initialization         cinit        000BEA
int$flags                     temp         000057
int_func                      intcode_body 000D54
intlevel0                     text         000000
intlevel1                     text         000000
intlevel2                     text         000000
intlevel3                     text         000000
isa$std                       (abs)        000001
isa$xinst                     (abs)        000000
main@i                        cstackCOMRAM 00003F
main@i_266                    cstackCOMRAM 000037
main@i_267                    cstackCOMRAM 000039
main@i_268                    cstackCOMRAM 00003B
main@i_269                    cstackCOMRAM 00003D
main@received_product_id      cstackCOMRAM 00002D
main@stored_product_id        cstackCOMRAM 000032
putch@byte                    cstackCOMRAM 000028
puts@s                        cstackCOMRAM 000029
read_digital_keypad@once      dataCOMRAM   000027
read_internal_eeprom@address  cstackCOMRAM 000028
stackhi                       (abs)        000000
stacklo                       (abs)        000000
start                         init         00000E
start_initialization          cinit        000B92
strcmp@l                      cstackCOMRAM 000028
strcmp@r                      cstackCOMRAM 000029
ttemp5                        temp         000058
ttemp6                        temp         00005B
ttemp7                        temp         00005F
wtemp8                        temp         000058


MODULE INFORMATION

Module		Function		Class		Link	Load	Size
uart.c
		_putch         		CODE           	0DA6	0000	22
		_init_uart     		CODE           	0DE2	0000	18
		_puts          		CODE           	0D28	0000	44

uart.c estimated size: 84

eeprom.c
		_read_internal_eeprom		CODE           	0DD0	0000	18

eeprom.c estimated size: 18

C:\Program Files\Microchip\xc8\v2.50\pic\sources\c99\common\strcmp.c
		_strcmp        		CODE           	0BFC	0000	94

C:\Program Files\Microchip\xc8\v2.50\pic\sources\c99\common\strcmp.c estimated size: 94

isr.c
		_isr           		CODE           	0008	0000	48

isr.c estimated size: 48

shared
		__initialization		CODE           	0B92	0000	88

shared estimated size: 88

can.c
		_can_transmit  		CODE           	0CF2	0000	54
		_init_can      		CODE           	0CAA	0000	72
		_can_receive   		CODE           	0C5A	0000	80

can.c estimated size: 206

main.c
		_main          		CODE           	066C	0000	1318
		_init_config   		CODE           	0DF4	0000	14

main.c estimated size: 1332

